// Jest Snapshot v1, https://goo.gl/fbAQLP

exports[`should render ArticleDashboardPage correctly 1`] = `<Connect(ArticleList) />`;
