// Jest Snapshot v1, https://goo.gl/fbAQLP

exports[`should render EditArticlePage correctly 1`] = `
<Redirect
  to="/404"
/>
`;
