// Jest Snapshot v1, https://goo.gl/fbAQLP

exports[`should render LoadingPage correctly 1`] = `
<div>
  <img
    alt="spinner"
    className="spinner"
    src="/images/spinner.svg"
  />
</div>
`;
